
> ai-agent-platform-client@0.1.0 build
> tsc && vite build

[36mvite v5.4.21 [32mbuilding for production...[36m[39m
transforming...
[32m✓[39m 3441 modules transformed.
rendering chunks...
computing gzip size...
[2mdist/[22m[32mindex.html                 [39m[1m[2m    0.47 kB[22m[1m[22m[2m │ gzip:   0.30 kB[22m
[2mdist/[22m[35massets/index-DlkLIAXS.css  [39m[1m[2m    7.64 kB[22m[1m[22m[2m │ gzip:   1.78 kB[22m
[2mdist/[22m[36massets/index-Cdpso9tY.js   [39m[1m[33m2,295.92 kB[39m[22m[2m │ gzip: 729.45 kB[22m[2m │ map: 9,561.42 kB[22m

(!) Some chunks are larger than 500 kB after minification. Consider:
- Using dynamic import() to code-split the application
- Use build.rollupOptions.output.manualChunks to improve chunking: https://rollupjs.org/configuration-options/#output-manualchunks
- Adjust chunk size limit for this warning via build.chunkSizeWarningLimit.
[32m✓ built in 12.99s[39m
